// Vitest Snapshot v1, https://vitest.dev/guide/snapshot.html

exports[`Arena-Vorlagen: Snapshots > compare-table / selectable 1`] = `
[
  {
    "html": "<div class="nc-compare-table nc-compare-table--selectable">
<table>
<thead>
<tr><th scope="col"><input class="nc-compare-table__checkbox" type="checkbox" aria-label="Alle auswählen"></th><th scope="col">Funktion</th><th scope="col">Standard</th><th scope="col">Premium</th><th scope="col" class="nc-compare-table__numeric">Nutzer</th></tr>
</thead>
<tbody>
<tr class="nc-compare-table__section-row"><th scope="rowgroup" colspan="5"><div class="nc-tbl-cell"><p class="nc-tbl-cell__text">FÜR MITARBEITENDE / ENDNUTZER</p></div></th></tr>
<tr>
<td><input class="nc-compare-table__checkbox" type="checkbox" aria-label="Zeile auswählen"></td>
<th scope="row"><div class="nc-tbl-cell"><p class="nc-tbl-cell__text">News, Newskanäle</p></div></th>
<td><div class="nc-tbl-cell nc-tbl-cell--icon"><svg class="nc-tbl-icon nc-tbl-icon--check" width="32" height="32" viewBox="0 0 36 36" fill="none" aria-label="enthalten"><circle cx="18" cy="18" r="18"></circle><path d="M12 18L16 22L24 14" stroke-width="1.5" stroke-linecap="round" stroke-linejoin="round"></path></svg></div></td>
<td><div class="nc-tbl-cell nc-tbl-cell--icon"><svg class="nc-tbl-icon nc-tbl-icon--check" width="32" height="32" viewBox="0 0 36 36" fill="none" aria-label="enthalten"><circle cx="18" cy="18" r="18"></circle><path d="M12 18L16 22L24 14" stroke-width="1.5" stroke-linecap="round" stroke-linejoin="round"></path></svg></div></td>
<td class="nc-compare-table__numeric">12</td>
</tr>
<tr>
<td><input class="nc-compare-table__checkbox" type="checkbox" aria-label="Zeile auswählen"></td>
<th scope="row"><div class="nc-tbl-cell"><p class="nc-tbl-cell__text">Inhalts- und Wissensseiten</p></div></th>
<td><div class="nc-tbl-cell nc-tbl-cell--icon"><svg class="nc-tbl-icon nc-tbl-icon--check" width="32" height="32" viewBox="0 0 36 36" fill="none" aria-label="enthalten"><circle cx="18" cy="18" r="18"></circle><path d="M12 18L16 22L24 14" stroke-width="1.5" stroke-linecap="round" stroke-linejoin="round"></path></svg></div></td>
<td><div class="nc-tbl-cell nc-tbl-cell--icon"><svg class="nc-tbl-icon nc-tbl-icon--check" width="32" height="32" viewBox="0 0 36 36" fill="none" aria-label="enthalten"><circle cx="18" cy="18" r="18"></circle><path d="M12 18L16 22L24 14" stroke-width="1.5" stroke-linecap="round" stroke-linejoin="round"></path></svg></div></td>
<td class="nc-compare-table__numeric">48</td>
</tr>
<tr>
<td><input class="nc-compare-table__checkbox" type="checkbox" aria-label="Zeile auswählen"></td>
<th scope="row"><div class="nc-tbl-cell"><p class="nc-tbl-cell__text">Veranstaltungskalender &amp; Event-Seiten</p></div></th>
<td><div class="nc-tbl-cell"></div></td>
<td><div class="nc-tbl-cell nc-tbl-cell--icon"><svg class="nc-tbl-icon nc-tbl-icon--check" width="32" height="32" viewBox="0 0 36 36" fill="none" aria-label="enthalten"><circle cx="18" cy="18" r="18"></circle><path d="M12 18L16 22L24 14" stroke-width="1.5" stroke-linecap="round" stroke-linejoin="round"></path></svg></div></td>
<td class="nc-compare-table__numeric">1.250</td>
</tr>
</tbody>
</table>
</div>",
    "id": "lines-checkbox",
    "label": "Standard",
    "tokenGroups": [
      "container",
      "header",
      "cell-default",
      "row-border",
      "typography",
      "selection",
    ],
  },
  {
    "html": "<div class="nc-compare-table nc-compare-table--selectable">
<table>
<thead>
<tr><th scope="col"><input class="nc-compare-table__checkbox" type="checkbox" aria-label="Alle auswählen"></th><th scope="col">Funktion</th><th scope="col">Standard</th><th scope="col">Premium</th><th scope="col" class="nc-compare-table__numeric">Nutzer</th></tr>
</thead>
<tbody>
<tr class="nc-compare-table__section-row"><th scope="rowgroup" colspan="5"><div class="nc-tbl-cell"><p class="nc-tbl-cell__text">FÜR MITARBEITENDE / ENDNUTZER</p></div></th></tr>
<tr class="is-selected" aria-selected="true">
<td><input class="nc-compare-table__checkbox" type="checkbox" aria-label="Zeile auswählen" checked></td>
<th scope="row"><div class="nc-tbl-cell"><p class="nc-tbl-cell__text">News, Newskanäle</p></div></th>
<td><div class="nc-tbl-cell nc-tbl-cell--icon"><svg class="nc-tbl-icon nc-tbl-icon--check" width="32" height="32" viewBox="0 0 36 36" fill="none" aria-label="enthalten"><circle cx="18" cy="18" r="18"></circle><path d="M12 18L16 22L24 14" stroke-width="1.5" stroke-linecap="round" stroke-linejoin="round"></path></svg></div></td>
<td><div class="nc-tbl-cell nc-tbl-cell--icon"><svg class="nc-tbl-icon nc-tbl-icon--check" width="32" height="32" viewBox="0 0 36 36" fill="none" aria-label="enthalten"><circle cx="18" cy="18" r="18"></circle><path d="M12 18L16 22L24 14" stroke-width="1.5" stroke-linecap="round" stroke-linejoin="round"></path></svg></div></td>
<td class="nc-compare-table__numeric">12</td>
</tr>
<tr>
<td><input class="nc-compare-table__checkbox" type="checkbox" aria-label="Zeile auswählen"></td>
<th scope="row"><div class="nc-tbl-cell"><p class="nc-tbl-cell__text">Inhalts- und Wissensseiten</p></div></th>
<td><div class="nc-tbl-cell nc-tbl-cell--icon"><svg class="nc-tbl-icon nc-tbl-icon--check" width="32" height="32" viewBox="0 0 36 36" fill="none" aria-label="enthalten"><circle cx="18" cy="18" r="18"></circle><path d="M12 18L16 22L24 14" stroke-width="1.5" stroke-linecap="round" stroke-linejoin="round"></path></svg></div></td>
<td><div class="nc-tbl-cell nc-tbl-cell--icon"><svg class="nc-tbl-icon nc-tbl-icon--check" width="32" height="32" viewBox="0 0 36 36" fill="none" aria-label="enthalten"><circle cx="18" cy="18" r="18"></circle><path d="M12 18L16 22L24 14" stroke-width="1.5" stroke-linecap="round" stroke-linejoin="round"></path></svg></div></td>
<td class="nc-compare-table__numeric">48</td>
</tr>
<tr>
<td><input class="nc-compare-table__checkbox" type="checkbox" aria-label="Zeile auswählen"></td>
<th scope="row"><div class="nc-tbl-cell"><p class="nc-tbl-cell__text">Veranstaltungskalender &amp; Event-Seiten</p></div></th>
<td><div class="nc-tbl-cell"></div></td>
<td><div class="nc-tbl-cell nc-tbl-cell--icon"><svg class="nc-tbl-icon nc-tbl-icon--check" width="32" height="32" viewBox="0 0 36 36" fill="none" aria-label="enthalten"><circle cx="18" cy="18" r="18"></circle><path d="M12 18L16 22L24 14" stroke-width="1.5" stroke-linecap="round" stroke-linejoin="round"></path></svg></div></td>
<td class="nc-compare-table__numeric">1.250</td>
</tr>
</tbody>
</table>
</div>",
    "id": "lines-checkbox--selected",
    "label": "Ausgewählt",
    "tokenGroups": [
      "container",
      "header",
      "cell-default",
      "row-border",
      "typography",
      "selection",
    ],
  },
]
`;

exports[`Arena-Vorlagen: Snapshots > divider / with-label 1`] = `
[
  {
    "html": "<div class="nc-divider-label" data-recipe-wurzel="nc-divider" role="separator"><span>oder</span></div>",
    "id": "horizontal-with-label-solid-md",
    "label": "Standard",
    "tokenGroups": [
      "core-line",
      "variant-label",
    ],
  },
]
`;

exports[`Arena-Vorlagen: Snapshots > empty-state / content-variants 1`] = `
[
  {
    "html": "<div class="nc-empty-state">

<h3 class="nc-empty-state__title">Keine Ergebnisse gefunden</h3>


</div>",
    "id": "default-auto-minimal",
    "label": "minimal",
    "tokenGroups": [
      "core-geometry",
      "icon",
      "typography",
      "action",
    ],
  },
  {
    "html": "<div class="nc-empty-state">

<h3 class="nc-empty-state__title">Keine Ergebnisse gefunden</h3>
<p class="nc-empty-state__description">Versuche es mit anderen Suchbegriffen oder passe deine Filter an.</p>

</div>",
    "id": "default-auto-with-description",
    "label": "with-description",
    "tokenGroups": [
      "core-geometry",
      "icon",
      "typography",
      "action",
    ],
  },
  {
    "html": "<div class="nc-empty-state">

<h3 class="nc-empty-state__title">Keine Ergebnisse gefunden</h3>
<p class="nc-empty-state__description">Versuche es mit anderen Suchbegriffen oder passe deine Filter an.</p>
<div class="nc-empty-state__actions">
<button class="nc-button nc-button--sm" type="button">Filter zurücksetzen</button>
</div>
</div>",
    "id": "default-auto-with-action",
    "label": "with-action",
    "tokenGroups": [
      "core-geometry",
      "icon",
      "typography",
      "action",
    ],
  },
  {
    "html": "<div class="nc-empty-state">
<div class="nc-empty-state__icon" aria-hidden="true">
<svg width="48" height="48" viewBox="0 0 24 24" fill="none" stroke="currentColor" stroke-width="1.5" stroke-linecap="round" stroke-linejoin="round"><circle cx="10" cy="10" r="7"></circle><line x1="21" y1="21" x2="15" y2="15"></line></svg>
</div>
<h3 class="nc-empty-state__title">Keine Ergebnisse gefunden</h3>
<p class="nc-empty-state__description">Versuche es mit anderen Suchbegriffen oder passe deine Filter an.</p>
<div class="nc-empty-state__actions">
<button class="nc-button nc-button--sm" type="button">Filter zurücksetzen</button>
</div>
</div>",
    "id": "default-auto-full",
    "label": "full",
    "tokenGroups": [
      "core-geometry",
      "icon",
      "typography",
      "action",
    ],
  },
]
`;

exports[`Arena-Vorlagen: Snapshots > form-hint / with-icon 1`] = `
[
  {
    "html": "<p class="nc-form-hint" id="form-hint-with-icon-with-icon-default">
<span class="nc-form-hint__icon"><svg width="16" height="16" viewBox="0 0 24 24" fill="none" stroke="currentColor" stroke-width="2" stroke-linecap="round" stroke-linejoin="round" aria-hidden="true"><circle cx="12" cy="12" r="10"/><line x1="12" y1="16" x2="12" y2="12"/><line x1="12" y1="8" x2="12.01" y2="8"/></svg></span>
<span class="nc-form-hint__text">Maximal 500 Zeichen.</span>

</p>",
    "id": "with-icon-default",
    "label": "Standard",
    "tokenGroups": [
      "core-geometry",
      "colors",
    ],
  },
]
`;

exports[`Arena-Vorlagen: Snapshots > form-label / all-states 1`] = `
[
  {
    "html": "<label class="nc-form-label" for="form-label-all-states-info-md-block-feld">
<span class="nc-form-label__text">E-Mail</span>


<span class="nc-form-label__info" title="Wir nutzen die Adresse nur für Rückfragen."><svg width="16" height="16" viewBox="0 0 24 24" fill="none" stroke="currentColor" stroke-width="2" stroke-linecap="round" stroke-linejoin="round" aria-hidden="true"><circle cx="12" cy="12" r="10"/><line x1="12" y1="16" x2="12" y2="12"/><line x1="12" y1="8" x2="12.01" y2="8"/></svg></span>
</label>",
    "id": "info-md-block",
    "label": "Standard",
    "tokenGroups": [
      "core-geometry",
      "core-colors",
    ],
  },
  {
    "html": "<label class="nc-form-label is-disabled nc-form-label--disabled" for="form-label-all-states-info-md-block--disabled-feld" aria-disabled="true">
<span class="nc-form-label__text">E-Mail</span>


<span class="nc-form-label__info" title="Wir nutzen die Adresse nur für Rückfragen."><svg width="16" height="16" viewBox="0 0 24 24" fill="none" stroke="currentColor" stroke-width="2" stroke-linecap="round" stroke-linejoin="round" aria-hidden="true"><circle cx="12" cy="12" r="10"/><line x1="12" y1="16" x2="12" y2="12"/><line x1="12" y1="8" x2="12.01" y2="8"/></svg></span>
</label>",
    "id": "info-md-block--disabled",
    "label": "Deaktiviert",
    "tokenGroups": [
      "core-geometry",
      "core-colors",
    ],
  },
]
`;

exports[`Arena-Vorlagen: Snapshots > kbd / key-combination 1`] = `
[
  {
    "html": "<span><kbd class="nc-kbd">Strg</kbd><span class="nc-kbd__separator">+</span><kbd class="nc-kbd">K</kbd></span>",
    "id": "combination",
    "label": "Standard",
    "tokenGroups": [
      "core-colors",
      "core-geometry",
      "core-typography",
    ],
  },
]
`;

exports[`Arena-Vorlagen: Snapshots > stepper / all-states 1`] = `
[
  {
    "html": "<div class="nc-stepper" role="group" aria-label="Menge">
<button class="nc-stepper__decrement" type="button" aria-label="Wert verringern"><svg width="16" height="16" viewBox="0 0 24 24" fill="none" stroke="currentColor" stroke-width="1.5" stroke-linecap="round" aria-hidden="true"><line x1="5" y1="12" x2="19" y2="12"></line></svg></button>
<input class="nc-stepper__input" type="number" value="5" min="0" max="99" aria-label="Menge">
<button class="nc-stepper__increment" type="button" aria-label="Wert erhöhen"><svg width="16" height="16" viewBox="0 0 24 24" fill="none" stroke="currentColor" stroke-width="1.5" stroke-linecap="round" aria-hidden="true"><line x1="12" y1="5" x2="12" y2="19"></line><line x1="5" y1="12" x2="19" y2="12"></line></svg></button>
</div>",
    "id": "md-none",
    "label": "Standard",
    "tokenGroups": [
      "button",
      "input",
    ],
  },
  {
    "html": "<div class="nc-stepper" role="group" aria-label="Menge" data-zustand="hover">
<button class="nc-stepper__decrement" type="button" aria-label="Wert verringern"><svg width="16" height="16" viewBox="0 0 24 24" fill="none" stroke="currentColor" stroke-width="1.5" stroke-linecap="round" aria-hidden="true"><line x1="5" y1="12" x2="19" y2="12"></line></svg></button>
<input class="nc-stepper__input" type="number" value="5" min="0" max="99" aria-label="Menge">
<button class="nc-stepper__increment" type="button" aria-label="Wert erhöhen"><svg width="16" height="16" viewBox="0 0 24 24" fill="none" stroke="currentColor" stroke-width="1.5" stroke-linecap="round" aria-hidden="true"><line x1="12" y1="5" x2="12" y2="19"></line><line x1="5" y1="12" x2="19" y2="12"></line></svg></button>
</div>",
    "id": "md-none--hover",
    "label": "Hover *",
    "tokenGroups": [
      "button",
      "input",
    ],
  },
  {
    "html": "<div class="nc-stepper" role="group" aria-label="Menge" data-zustand="focus">
<button class="nc-stepper__decrement" type="button" aria-label="Wert verringern"><svg width="16" height="16" viewBox="0 0 24 24" fill="none" stroke="currentColor" stroke-width="1.5" stroke-linecap="round" aria-hidden="true"><line x1="5" y1="12" x2="19" y2="12"></line></svg></button>
<input class="nc-stepper__input" type="number" value="5" min="0" max="99" aria-label="Menge">
<button class="nc-stepper__increment" type="button" aria-label="Wert erhöhen"><svg width="16" height="16" viewBox="0 0 24 24" fill="none" stroke="currentColor" stroke-width="1.5" stroke-linecap="round" aria-hidden="true"><line x1="12" y1="5" x2="12" y2="19"></line><line x1="5" y1="12" x2="19" y2="12"></line></svg></button>
</div>",
    "id": "md-none--focus",
    "label": "Fokus *",
    "tokenGroups": [
      "button",
      "input",
    ],
  },
  {
    "html": "<div class="nc-stepper is-disabled nc-stepper--disabled" role="group" aria-label="Menge" aria-disabled="true">
<button class="nc-stepper__decrement" type="button" aria-label="Wert verringern" disabled><svg width="16" height="16" viewBox="0 0 24 24" fill="none" stroke="currentColor" stroke-width="1.5" stroke-linecap="round" aria-hidden="true"><line x1="5" y1="12" x2="19" y2="12"></line></svg></button>
<input class="nc-stepper__input" type="number" value="5" min="0" max="99" aria-label="Menge" disabled>
<button class="nc-stepper__increment" type="button" aria-label="Wert erhöhen" disabled><svg width="16" height="16" viewBox="0 0 24 24" fill="none" stroke="currentColor" stroke-width="1.5" stroke-linecap="round" aria-hidden="true"><line x1="12" y1="5" x2="12" y2="19"></line><line x1="5" y1="12" x2="19" y2="12"></line></svg></button>
</div>",
    "id": "md-none--disabled",
    "label": "Deaktiviert",
    "tokenGroups": [
      "button",
      "input",
    ],
  },
]
`;
